
╔══════════════════════════════════════════════════════════════════╗
║              WEC PIPELINE — DIAGNOSTIC REPORT                   ║
╠══════════════════════════════════════════════════════════════════╣
║  MS2 file       : Input/C1.ms2 ║
║  Mode           : sweep                                         ║
║  Strips         : 5  (constructability: OFF)                    ║
║  Targets        : T_h=7.8 s, T_p=3.9 s, GM=0.50 m                   ║
╚══════════════════════════════════════════════════════════════════╝

┌──────────────────────────────────────────────────────────────────┐
│  STAGE 1: 2D SURROGATE  (SWEEP)                              
├──────────────────────────────────────────────────────────────────┤
│  Iterations : 0       Converged: YES    PID saturated: no 
│  fmincon exit: 1
└──────────────────────────────────────────────────────────────────┘

┌──────────────────────────────────────────────────────────────────┐
│  STAGE 2: 3D HIGH-FIDELITY REFINEMENT                           
├──────────────────────────────────────────────────────────────────┤
│  Exit flag  : 2       Converged: YES
│  Cost (fval): 0.792349
│  SQP iters  : 57    FunEvals: 422
│  Mass error : 8.80e-14%  (OK)
│  Draft      : 2.3567 m  (shift: 0.8933 m)
└──────────────────────────────────────────────────────────────────┘

┌──────────────────────────────────────────────────────────────────┐
│  PROPERTY COMPARISON: 2D Surrogate / 3D Ground Truth 
├──────────────────────────────────────────────────────────────────┤
│  Quantity                   2D Surr.     3D Truth   Err(%)
│  ─────────────────────────────────────────────────────────
│  Mass [kg]                   14593.1      20660.4    -29.4
│  Buoyancy [kg]                8079.2      20660.4    -60.9
│  V_sub [m^3]                  7.8821      20.1565    -60.9
│  GM [m]                      -0.4068       0.4395   -192.6
│  GM_raw [m]                  -0.4068       0.4395   -192.6
│  CG_z [m]                    +0.1331      -1.3909   -109.6
│  CB_z [m]                    -0.9242      -0.9563     -3.4
│  Iyy [kg*m^2]                31653.1      28512.1    +11.0
│  Aw [m^2]                     0.6510       1.9932    -67.3
│  ─────────────────────────────────────────────────────────
│  T_heave [s]                  12.175        7.770    +56.7
│  T_pitch [s]                       —        3.813        —
│  T_surge [s]                     Inf          Inf        —
│  ─────────────────────────────────────────────────────────
│  A33 [kg]                          —       9978.8        —
│  A55 [kg*m^2]                      —       5621.1        —
└──────────────────────────────────────────────────────────────────┘

┌──────────────────────────────────────────────────────────────────┐
│  STABILITY & PERIOD CHECK                                        
├──────────────────────────────────────────────────────────────────┤
│  GM_L = 0.4395 m    Target: 0.50 m    Range: [0.20, 0.70]
│    GM floor (0.20 m) : PASS    GM in range : PASS
│  CG_z = -1.3909 m    CB_z = -0.9563 m    CG < CB : YES
│  ────────────────────────────────────────────────────────────────
│  T_heave = 7.770 s    Goal: 7.8 s    Range: [7.0, 10.0]    PASS
│  T_pitch = 3.813 s    Goal: 3.9 s    Range: [3.0, 5.0]    PASS
│  Mass balance: 8.8042e-14%   PASS
└──────────────────────────────────────────────────────────────────┘

┌──────────────────────────────────────────────────────────────────┐
│  DENSITY PROFILE (bottom → top)                                  
├──────────────────────────────────────────────────────────────────┤
│  Strip  z_node[m]  rho[kg/m3] lb       ub       Note
│  ──────────────────────────────────────────────────────────
│  1         -3.250     2500.0       20     2500  at upper bound
│  2         -2.163     1297.2       20     2500  
│  3         -1.075      310.5       20     2500  
│  4         +0.012      310.5       20     2500  
│  5         +1.100      310.5       20     2500  
│  ──────────────────────────────────────────────────────────
│  Bottom-3 avg: 1369 kg/m^3    Top-3 avg: 310 kg/m^3
│  Gradient: bottom-heavy (correct)
└──────────────────────────────────────────────────────────────────┘

╔══════════════════════════════════════════════════════════════════╗
║  VERDICT                                                         ║
╠══════════════════════════════════════════════════════════════════╣
║                                                                  ║
║    ALL CHECKS PASSED                                             ║
║                                                                  ║
║    The solution is converged, stable, mass-balanced, and          ║
║    within period targets.                                        ║
║                                                                  ║
║  Total time: 3.06 s                                              ║
╚══════════════════════════════════════════════════════════════════╝

