
╔══════════════════════════════════════════════════════════════════╗
║              WEC PIPELINE — DIAGNOSTIC REPORT                   ║
╠══════════════════════════════════════════════════════════════════╣
║  MS2 file       : Input/C1.ms2 ║
║  Mode           : sweep                                         ║
║  Strips         : 5  (constructability: ON)                     ║
║  Targets        : T_h=7.8 s, T_p=3.9 s, GM=0.50 m                   ║
╚══════════════════════════════════════════════════════════════════╝

┌──────────────────────────────────────────────────────────────────┐
│  STAGE 1: 2D SURROGATE  (SWEEP)                              
├──────────────────────────────────────────────────────────────────┤
│  Iterations : 0       Converged: YES    PID saturated: no 
│  fmincon exit: 1
└──────────────────────────────────────────────────────────────────┘

┌──────────────────────────────────────────────────────────────────┐
│  STAGE 2: 3D HIGH-FIDELITY REFINEMENT                           
├──────────────────────────────────────────────────────────────────┤
│  Exit flag  : 1       Converged: YES
│  Cost (fval): 9.153297
│  SQP iters  : 32    FunEvals: 238
│  Mass error : 3.52e-14%  (OK)
│  Draft      : 2.3568 m  (shift: 0.8932 m)
└──────────────────────────────────────────────────────────────────┘

┌──────────────────────────────────────────────────────────────────┐
│  PROPERTY COMPARISON: 2D Surrogate / 3D Ground Truth 
├──────────────────────────────────────────────────────────────────┤
│  Quantity                   2D Surr.     3D Truth   Err(%)
│  ─────────────────────────────────────────────────────────
│  Mass [kg]                   64259.4      20660.7   +211.0
│  Buoyancy [kg]                8079.2      20660.7    -60.9
│  V_sub [m^3]                  7.8821      20.1568    -60.9
│  GM [m]                      -1.4198       0.2308   -715.1
│  GM_raw [m]                  -1.4198       0.2308   -715.1
│  CG_z [m]                    +1.3720      -1.1823   -216.0
│  CB_z [m]                    -0.9172      -0.9564     -4.1
│  Iyy [kg*m^2]                49731.4      25756.4    +93.1
│  Aw [m^2]                     1.6981       1.9918    -14.7
│  ─────────────────────────────────────────────────────────
│  T_heave [s]                  13.045        7.773    +67.8
│  T_pitch [s]                       —        4.907        —
│  T_surge [s]                     Inf          Inf        —
│  ─────────────────────────────────────────────────────────
│  A33 [kg]                          —       9979.4        —
│  A55 [kg*m^2]                      —       3388.6        —
└──────────────────────────────────────────────────────────────────┘

┌──────────────────────────────────────────────────────────────────┐
│  STABILITY & PERIOD CHECK                                        
├──────────────────────────────────────────────────────────────────┤
│  GM_L = 0.2308 m    Target: 0.50 m    Range: [0.20, 0.70]
│    GM floor (0.20 m) : PASS    GM in range : PASS
│  CG_z = -1.1823 m    CB_z = -0.9564 m    CG < CB : YES
│  ────────────────────────────────────────────────────────────────
│  T_heave = 7.773 s    Goal: 7.8 s    Range: [7.0, 10.0]    PASS
│  T_pitch = 4.907 s    Goal: 3.9 s    Range: [3.0, 5.0]    PASS
│  Mass balance: 3.5216e-14%   PASS
└──────────────────────────────────────────────────────────────────┘

┌──────────────────────────────────────────────────────────────────┐
│  DENSITY PROFILE (bottom → top)                                  
├──────────────────────────────────────────────────────────────────┤
│  Strip  z_node[m]  rho[kg/m3] lb       ub       Note
│  ──────────────────────────────────────────────────────────
│  1         -2.931     2500.0      437     2500  at upper bound
│  2         -2.294     1430.0      227     2500  
│  3         -1.656      369.4      175     2500  
│  4         -1.019      369.4      369     2500  at lower bound
│  5         +0.200     2500.0     2500     2500  WALL (pinned)
│  ──────────────────────────────────────────────────────────
│  Bottom-3 avg: 1433 kg/m^3    Top-3 avg: 1080 kg/m^3
│  Gradient: bottom-heavy (correct)
└──────────────────────────────────────────────────────────────────┘

┌──────────────────────────────────────────────────────────────────┐
│  CONSTRUCTABILITY: UHPC + VOID REALIZATION                        
├──────────────────────────────────────────────────────────────────┤
│  Materials: UHPC = 2500 kg/m^3, void = 1.2 kg/m^3
│  t_min = 76.2 mm,  wall height = 1.80 m
│  ──────────────────────────────────────────────────────────
│  Total V_hull  : 21.1617 m^3
│  Total V_UHPC  : 8.2581 m^3 (39.0%)
│  Total V_void  : 12.9036 m^3 (61.0%)
│  Total mass    : 20660.7 kg
│  ──────────────────────────────────────────────────────────
│  All strips feasible (t >= 76.2 mm) : YES
│  ──────────────────────────────────────────────────────────
│  Strip rho_eff  scale    t[mm]   V_UHPC   V_void  Status
│  1        2500   0.000     Inf  2.4173  0.0000  OK
│  2        1639   0.587    76.2  3.5711  1.8785  OK
│  3         211   0.957    76.2  0.6578  7.1784  OK
│  4         481   0.899    76.2  0.9009  3.7894  OK
│  5        2500   0.000     Inf  0.7809  0.0000  WALL
└──────────────────────────────────────────────────────────────────┘

╔══════════════════════════════════════════════════════════════════╗
║  VERDICT                                                         ║
╠══════════════════════════════════════════════════════════════════╣
║                                                                  ║
║    ALL CHECKS PASSED                                             ║
║                                                                  ║
║    The solution is converged, stable, mass-balanced, and          ║
║    within period targets.                                        ║
║    Constructability: all strips feasible.                        ║
║                                                                  ║
║  Total time: 2.07 s                                              ║
╚══════════════════════════════════════════════════════════════════╝

